Information: linking reference library : /cad/synopsys_EDK3/SAED32_EDK/lib/io_std/milkyway/saed32_io_wb. (PSYN-878)
Information: linking reference library : /cad/synopsys_EDK3/SAED32_EDK/lib/sram/milkyway/SRAM32NM. (PSYN-878)
Information: linking reference library : /cad/synopsys_EDK3/SAED32_EDK/lib/sram_lp/milkyway/saed32sram_lp. (PSYN-878)
Information: linking reference library : /cad/synopsys_EDK3/SAED32_EDK/lib/stdcell_hvt/milkyway/saed32nm_hvt_1p9m. (PSYN-878)
Information: linking reference library : /cad/synopsys_EDK3/SAED32_EDK/lib/stdcell_lvt/milkyway/saed32nm_lvt_1p9m. (PSYN-878)
Information: linking reference library : /cad/synopsys_EDK3/SAED32_EDK/lib/stdcell_rvt/milkyway/saed32nm_rvt_1p9m. (PSYN-878)
Information: Net 'test_lut/cfg_d[24]' has no connections. (MWDC-040)
Information: Net 'test_lut/cfg_d[25]' has no connections. (MWDC-040)
Information: Net 'test_lut/cfg_d[26]' has no connections. (MWDC-040)
Information: Net 'test_lut/cfg_d[27]' has no connections. (MWDC-040)
Information: Net 'test_lut/cfg_d[28]' has no connections. (MWDC-040)
Information: Net 'test_lut/cfg_d[29]' has no connections. (MWDC-040)
Information: Net 'test_lut/cfg_d[30]' has no connections. (MWDC-040)
Information: Net 'test_lut/cfg_d[31]' has no connections. (MWDC-040)
Information: Net 'test_lut/cfg_d[16]' has no connections. (MWDC-040)
Information: Net 'test_lut/cfg_d[17]' has no connections. (MWDC-040)
Information: Net 'test_lut/cfg_d[18]' has no connections. (MWDC-040)
Information: Net 'test_lut/cfg_d[19]' has no connections. (MWDC-040)
Information: Net 'test_lut/cfg_d[20]' has no connections. (MWDC-040)
Information: Net 'test_lut/cfg_d[21]' has no connections. (MWDC-040)
Information: Net 'test_lut/cfg_d[22]' has no connections. (MWDC-040)
Information: Net 'test_lut/cfg_d[23]' has no connections. (MWDC-040)
Information: Net 'test_lut/cfg_d[8]' has no connections. (MWDC-040)
Information: Net 'test_lut/cfg_d[9]' has no connections. (MWDC-040)
Information: Net 'test_lut/cfg_d[10]' has no connections. (MWDC-040)
Information: Net 'test_lut/cfg_d[11]' has no connections. (MWDC-040)
Information: Net 'test_lut/cfg_d[12]' has no connections. (MWDC-040)
Information: Net 'test_lut/cfg_d[13]' has no connections. (MWDC-040)
Information: Net 'test_lut/cfg_d[14]' has no connections. (MWDC-040)
Information: Net 'test_lut/cfg_d[15]' has no connections. (MWDC-040)
Information: Net 'test_pe_comp/op_code[7]' has no connections. (MWDC-040)
Information: Loading local_link_library attribute {saed32hvt_ss0p95v125c.db, saed32rvt_ss0p95v125c.db, saed32lvt_ss0p95v125c.db}. (MWDC-290)

  Linking design 'test_pe'
  Using the following designs and libraries:
  --------------------------------------------------------------------------
  * (22 designs)              test_pe.CEL, etc
  saed32hvt_ss0p95v125c (library)
                              /cad/synopsys_EDK3/SAED32_EDK/lib/stdcell_hvt/db_nldm/saed32hvt_ss0p95v125c.db
  saed32rvt_ss0p95v125c (library)
                              /cad/synopsys_EDK3/SAED32_EDK/lib/stdcell_rvt/db_nldm/saed32rvt_ss0p95v125c.db
  saed32lvt_ss0p95v125c (library)
                              /cad/synopsys_EDK3/SAED32_EDK/lib/stdcell_lvt/db_nldm/saed32lvt_ss0p95v125c.db
  saed32sram_ss0p95v125c (library)
                              /cad/synopsys_EDK3/SAED32_EDK/lib/sram/db_nldm/saed32sram_ss0p95v125c.db
  saed32io_wb_ss0p95v125c_2p25v (library)
                              /cad/synopsys_EDK3/SAED32_EDK/lib/io_std/db_nldm/saed32io_wb_ss0p95v125c_2p25v.db
  dw_foundation.sldb (library)
                              /cad/synopsys/icc/M-2016.12-SP2/libraries/syn/dw_foundation.sldb

Information: The design has horizontal rows, and Y-symmetry has been used for sites. (MWDC-217)
Warning: Layer M3 preferred routing direction is defined as H in design(CEL), but in library it's defined as V. (PSYN-485)
Warning: Layer M7 preferred routing direction is defined as H in design(CEL), but in library it's defined as V. (PSYN-485)
Floorplan loading succeeded.
Warning: Pin VSS of reference cell SRAM2RW128x16 has no physical location. (APL-028)
Warning: Pin VDD of reference cell SRAM2RW128x16 has no physical location. (APL-028)
Warning: Pin VSS of reference cell SRAM2RW128x32 has no physical location. (APL-028)
Warning: Pin VDD of reference cell SRAM2RW128x32 has no physical location. (APL-028)
Warning: Pin VDD of reference cell SRAM2RW128x4 has no physical location. (APL-028)
Warning: Pin VSS of reference cell SRAM2RW128x4 has no physical location. (APL-028)
Warning: Pin VDD of reference cell SRAM2RW128x8 has no physical location. (APL-028)
Warning: Pin VSS of reference cell SRAM2RW128x8 has no physical location. (APL-028)
Warning: Pin VDD of reference cell SRAM2RW16x16 has no physical location. (APL-028)
Warning: Pin VSS of reference cell SRAM2RW16x16 has no physical location. (APL-028)
Warning: Pin VSS of reference cell SRAM2RW16x32 has no physical location. (APL-028)
Warning: Pin VDD of reference cell SRAM2RW16x32 has no physical location. (APL-028)
Warning: Pin VDD of reference cell SRAM2RW16x4 has no physical location. (APL-028)
Warning: Pin VSS of reference cell SRAM2RW16x4 has no physical location. (APL-028)
Warning: Pin VDD of reference cell SRAM2RW16x8 has no physical location. (APL-028)
Warning: Pin VSS of reference cell SRAM2RW16x8 has no physical location. (APL-028)
Warning: Pin VSS of reference cell SRAM2RW32x16 has no physical location. (APL-028)
Warning: Pin VDD of reference cell SRAM2RW32x16 has no physical location. (APL-028)
Warning: Pin VSS of reference cell SRAM2RW32x22 has no physical location. (APL-028)
Warning: Pin VDD of reference cell SRAM2RW32x22 has no physical location. (APL-028)
Warning: Pin VSS of reference cell SRAM2RW32x32 has no physical location. (APL-028)
Warning: Pin VDD of reference cell SRAM2RW32x32 has no physical location. (APL-028)
Warning: Pin VSS of reference cell SRAM2RW32x39 has no physical location. (APL-028)
Warning: Pin VDD of reference cell SRAM2RW32x39 has no physical location. (APL-028)
Warning: Pin VDD of reference cell SRAM2RW32x4 has no physical location. (APL-028)
Warning: Pin VSS of reference cell SRAM2RW32x4 has no physical location. (APL-028)
Warning: Pin VDD of reference cell SRAM2RW32x8 has no physical location. (APL-028)
Warning: Pin VSS of reference cell SRAM2RW32x8 has no physical location. (APL-028)
Warning: Pin VSS of reference cell SRAM2RW64x16 has no physical location. (APL-028)
Warning: Pin VDD of reference cell SRAM2RW64x16 has no physical location. (APL-028)
Warning: Pin VSS of reference cell SRAM2RW64x32 has no physical location. (APL-028)
Warning: Pin VDD of reference cell SRAM2RW64x32 has no physical location. (APL-028)
Warning: Pin VDD of reference cell SRAM2RW64x4 has no physical location. (APL-028)
Warning: Pin VSS of reference cell SRAM2RW64x4 has no physical location. (APL-028)
Warning: Pin VDD of reference cell SRAM2RW64x8 has no physical location. (APL-028)
Warning: Pin VSS of reference cell SRAM2RW64x8 has no physical location. (APL-028)
Warning: Pin VSS of reference cell SRAM1RW1024x8 has no physical location. (APL-028)
Warning: Pin VDD of reference cell SRAM1RW1024x8 has no physical location. (APL-028)
Warning: Pin VDD of reference cell SRAM1RW128x46 has no physical location. (APL-028)
Warning: Pin VSS of reference cell SRAM1RW128x46 has no physical location. (APL-028)
Warning: Pin VSS of reference cell SRAM1RW128x48 has no physical location. (APL-028)
Warning: Pin VDD of reference cell SRAM1RW128x48 has no physical location. (APL-028)
Warning: Pin VDD of reference cell SRAM1RW128x8 has no physical location. (APL-028)
Warning: Pin VSS of reference cell SRAM1RW128x8 has no physical location. (APL-028)
Warning: Pin VSS of reference cell SRAM1RW256x128 has no physical location. (APL-028)
Warning: Pin VDD of reference cell SRAM1RW256x128 has no physical location. (APL-028)
Warning: Pin VDD of reference cell SRAM1RW256x32 has no physical location. (APL-028)
Warning: Pin VSS of reference cell SRAM1RW256x32 has no physical location. (APL-028)
Warning: Pin VSS of reference cell SRAM1RW256x46 has no physical location. (APL-028)
Warning: Pin VDD of reference cell SRAM1RW256x46 has no physical location. (APL-028)
Warning: Pin VDD of reference cell SRAM1RW256x48 has no physical location. (APL-028)
Warning: Pin VSS of reference cell SRAM1RW256x48 has no physical location. (APL-028)
Warning: Pin VDD of reference cell SRAM1RW256x8 has no physical location. (APL-028)
Warning: Pin VSS of reference cell SRAM1RW256x8 has no physical location. (APL-028)
Warning: Pin VSS of reference cell SRAM1RW32x50 has no physical location. (APL-028)
Warning: Pin VDD of reference cell SRAM1RW32x50 has no physical location. (APL-028)
Warning: Pin VSS of reference cell SRAM1RW512x128 has no physical location. (APL-028)
Warning: Pin VDD of reference cell SRAM1RW512x128 has no physical location. (APL-028)
Warning: Pin VDD of reference cell SRAM1RW512x32 has no physical location. (APL-028)
Warning: Pin VSS of reference cell SRAM1RW512x32 has no physical location. (APL-028)
Warning: Pin VDD of reference cell SRAM1RW512x8 has no physical location. (APL-028)
Warning: Pin VSS of reference cell SRAM1RW512x8 has no physical location. (APL-028)
Warning: Pin VSS of reference cell SRAM1RW64x128 has no physical location. (APL-028)
Warning: Pin VDD of reference cell SRAM1RW64x128 has no physical location. (APL-028)
Warning: Pin VDD of reference cell SRAM1RW64x32 has no physical location. (APL-028)
Warning: Pin VSS of reference cell SRAM1RW64x32 has no physical location. (APL-028)
Warning: Pin VDD of reference cell SRAM1RW64x34 has no physical location. (APL-028)
Warning: Pin VSS of reference cell SRAM1RW64x34 has no physical location. (APL-028)
Warning: Pin VDD of reference cell SRAM1RW64x8 has no physical location. (APL-028)
Warning: Pin VSS of reference cell SRAM1RW64x8 has no physical location. (APL-028)
 
****************************************
  Report : Chip Summary
  Design : test_pe
  Version: M-2016.12-SP2
  Date   : Sun Mar 17 16:26:49 2019
****************************************
Std cell utilization: 97.03%  (20877/(21516-0))
(Non-fixed + Fixed)
Std cell utilization: 96.99%  (20604/(21516-273))
(Non-fixed only)
Chip area:            21516    sites, bbox (10.00 10.00 84.33 83.57) um
Std cell area:        20877    sites, (non-fixed:20604  fixed:273)
                      1733     cells, (non-fixed:1720   fixed:13)
Macro cell area:      0        sites
                      0        cells
Placement blockages:  0        sites, (excluding fixed std cells)
                      273      sites, (include fixed std cells & chimney area)
                      0        sites, (complete p/g net blockages)
Routing blockages:    0        sites, (partial p/g net blockages)
                      0        sites, (routing blockages and signal pre-route)
Lib cell count:       83 
Avg. std cell width:  1.77 um 
Site array:           unit     (width: 0.152 um, height: 1.672 um, rows: 44)
Physical DB scale:    1000 db_unit = 1 um 

 
****************************************
  Report : pnet options
  Design : test_pe
  Version: M-2016.12-SP2
  Date   : Sun Mar 17 16:26:49 2019
****************************************


--------------------------------------------------------------------
Layer      Blockage   Min_width   Min_height   Via_additive     Density
--------------------------------------------------------------------
M1         none          ---         ---       via additive      ---
M2         none          ---         ---       via additive      ---
M3         none          ---         ---       via additive      ---
M4         none          ---         ---       via additive      ---
M5         none          ---         ---       via additive      ---
M6         none          ---         ---       via additive      ---
M7         none          ---         ---       via additive      ---
M8         none          ---         ---       via additive      ---
M9         none          ---         ---       via additive      ---
MRDL       none          ---         ---       via additive      ---

**********************************
      Sub-Region Utilization      
**********************************
Number of regions with placement utilization 0 - 0.125 is 0 (0.00%)
Number of regions with placement utilization 0.125 - 0.25 is 0 (0.00%)
Number of regions with placement utilization 0.25 - 0.375 is 0 (0.00%)
Number of regions with placement utilization 0.375 - 0.5 is 0 (0.00%)
Number of regions with placement utilization 0.5 - 0.625 is 0 (0.00%)
Number of regions with placement utilization 0.625 - 0.75 is 0 (0.00%)
Number of regions with placement utilization 0.75 - 0.875 is 0 (0.00%)
Number of regions with placement utilization 0.875 - 1 is 81 (100.00%)
1
